// Jest Snapshot v1, https://goo.gl/fbAQLP

exports[`should render ExpenseList with empty message 1`] = `
<div>
  <p>
    No expenses
  </p>
</div>
`;

exports[`should render ExpenseList with expenses 1`] = `
<div>
  <ExpenseListItem
    amount={195}
    createdAt={0}
    description="tennis shoes"
    id="1"
    key="1"
    note=""
  />
  <ExpenseListItem
    amount={195050}
    createdAt={-345600000}
    description="falafel"
    id="2"
    key="2"
    note=""
  />
  <ExpenseListItem
    amount={6969}
    createdAt={345600000}
    description="vegan steak"
    id="3"
    key="3"
    note=""
  />
</div>
`;
